#3 DONE 0.5s

#4 docker-image://docker.io/docker/dockerfile:1@sha256:4edf897a3ffa55b89f906fc8cc78afdb3f1834cc9c7083565e611a8a7d5fe99e
#4 resolve docker.io/docker/dockerfile:1@sha256:4edf897a3ffa55b89f906fc8cc78afdb3f1834cc9c7083565e611a8a7d5fe99e done
#4 sha256:9d2b4f57f9e20f33279375ce25c6ff14f30f64270ed5c7b613b2b30256754f62 14.28MB / 14.28MB 0.1s done
#4 extracting sha256:9d2b4f57f9e20f33279375ce25c6ff14f30f64270ed5c7b613b2b30256754f62 0.1s done
#4 DONE 0.2s

#5 [auth] rocker/rstudio:pull token for registry-1.docker.io
#5 DONE 0.0s

#6 [internal] load metadata for docker.io/rocker/rstudio:4.6.1
#6 DONE 0.4s

#7 [internal] load .dockerignore
#7 transferring context: 2B done
#7 DONE 0.0s

#8 [internal] load build context
#8 DONE 0.0s

#9 [ 1/14] FROM docker.io/rocker/rstudio:4.6.1@sha256:32446ec3971379748b66639b96e72caed30901f1ebd50b9a38e5ca30d930f6eb
#9 resolve docker.io/rocker/rstudio:4.6.1@sha256:32446ec3971379748b66639b96e72caed30901f1ebd50b9a38e5ca30d930f6eb done
#9 DONE 0.0s

#10 [auth] onedimkurt/bioinfo-workshop:pull token for ghcr.io
#10 DONE 0.0s

#11 importing cache manifest from ghcr.io/onedimkurt/bioinfo-workshop:buildcache
#11 inferred cache manifest type: application/vnd.oci.image.manifest.v1+json done
#11 DONE 0.4s

#8 [internal] load build context
#8 transferring context: 25.45kB done
#8 DONE 0.0s

#12 [ 2/14] RUN set -eux;     apt-get update;     apt-get install -y --no-install-recommends         bc ca-certificates curl file htop jq less locales nano time tree tzdata unzip zip;     sed -i -e 's/^# *tr_TR.UTF-8 UTF-8/tr_TR.UTF-8 UTF-8/' -e 's/^# *en_US.UTF-8 UTF-8/en_US.UTF-8 UTF-8/' /etc/locale.gen;     locale-gen;     rm -rf /var/lib/apt/lists/*
#12 CACHED

#13 [ 7/14] RUN set -eux;     curl -fsSL -o /tmp/miniforge.sh         https://github.com/conda-forge/miniforge/releases/latest/download/Miniforge3-Linux-x86_64.sh;     bash /tmp/miniforge.sh -b -p /opt/conda;     rm -f /tmp/miniforge.sh;     cp /opt/bioinfo-workshop/condarc /opt/conda/.condarc;     /opt/conda/bin/conda env create -f /opt/bioinfo-workshop/envs/rnaseq-ready.yml;     /opt/conda/bin/conda env create -f /opt/bioinfo-workshop/envs/variants-ready.yml;     /opt/conda/bin/conda env create -f /opt/bioinfo-workshop/envs/cache-warm.yml;     /opt/conda/bin/conda remove -y -n cache-warm --all;     /opt/conda/bin/conda clean -y --tarballs;     /opt/conda/bin/conda list -n rnaseq-ready --explicit > /opt/bioinfo-workshop/envs/rnaseq-ready.lock.txt;     /opt/conda/bin/conda list -n variants-ready --explicit > /opt/bioinfo-workshop/envs/variants-ready.lock.txt;     chown -R rstudio:rstudio /opt/conda;     ln -s /opt/conda/etc/profile.d/conda.sh /etc/profile.d/conda.sh
#13 CACHED

#14 [11/14] COPY .devcontainer/build/scripts/ /usr/local/share/bioinfo-workshop/
#14 CACHED

#15 [12/14] COPY .devcontainer/build/sudoers-rstudio-password /etc/sudoers.d/bioinfo-workshop
#15 CACHED

#16 [ 5/14] COPY .devcontainer/build/envs/ /opt/bioinfo-workshop/envs/
#16 CACHED

#17 [10/14] COPY .devcontainer/build/Rprofile.site.append /tmp/Rprofile.site.append
#17 CACHED

#18 [ 3/14] COPY .devcontainer/build/install-r-packages.R /tmp/install-r-packages.R
#18 CACHED

#19 [ 8/14] COPY .devcontainer/build/bash.bashrc.append /tmp/bash.bashrc.append
#19 CACHED

#20 [ 9/14] COPY .devcontainer/build/home-bashrc.append /tmp/home-bashrc.append
#20 CACHED

#21 [ 4/14] RUN Rscript /tmp/install-r-packages.R && rm -rf /tmp/* /var/lib/apt/lists/* /root/.cache
#21 CACHED

#22 [13/14] COPY .devcontainer/build/etc/nginx.conf /etc/bioinfo-workshop/nginx.conf
#22 CACHED

#23 [ 6/14] COPY .devcontainer/build/condarc /opt/bioinfo-workshop/condarc
#23 CACHED

#24 [14/14] RUN set -eux;     apt-get update;     apt-get install -y --no-install-recommends nginx;     rm -rf /var/lib/apt/lists/*;     mkdir -p /tmp/bioinfo-workshop-nginx;     nginx -t -c /etc/bioinfo-workshop/nginx.conf -e /tmp/bioinfo-workshop-nginx/error.log;     rm -rf /tmp/bioinfo-workshop-nginx;     cat /tmp/bash.bashrc.append >> /etc/bash.bashrc;     [ -f /home/rstudio/.bashrc ] || cp /etc/skel/.bashrc /home/rstudio/.bashrc;     cat /tmp/home-bashrc.append >> /home/rstudio/.bashrc;     cat /tmp/Rprofile.site.append >> /usr/local/lib/R/etc/Rprofile.site;     rm -f /tmp/bash.bashrc.append /tmp/home-bashrc.append /tmp/Rprofile.site.append;     chmod 0755 /usr/local/share/bioinfo-workshop/*.sh;     chown root:root /usr/local/share/bioinfo-workshop/start-rstudio-password.sh;     chmod 0440 /etc/sudoers.d/bioinfo-workshop;     visudo -cf /etc/sudoers.d/bioinfo-workshop;     mkdir -p /home/rstudio/.config/rstudio /home/rstudio/.local/share/rstudio-server;     jq '. + {"save_workspace": "never", "load_workspace": false, "always_save_history": false, "posix_terminal_shell": "bash"}'         /home/rstudio/.config/rstudio/rstudio-prefs.json > /tmp/prefs.json;     mv /tmp/prefs.json /home/rstudio/.config/rstudio/rstudio-prefs.json;     chown -R rstudio:rstudio /home/rstudio;     date '+%Y-%m-%d %H:%M %Z' > /usr/local/share/bioinfo-workshop/IMAGE_BUILT
#24 CACHED

#25 exporting to docker image format
#25 exporting layers done
#25 exporting manifest sha256:cfea00695bb5815cd20b055b54596e1edf2c9230f8f8e412f15fde85fce2db82 done
#25 exporting config sha256:527f2aace16a1d12548aee934ab1ff930139486fba1d8ee4fda1523d8287f87e done
#25 ...

#24 [14/14] RUN set -eux;     apt-get update;     apt-get install -y --no-install-recommends nginx;     rm -rf /var/lib/apt/lists/*;     mkdir -p /tmp/bioinfo-workshop-nginx;     nginx -t -c /etc/bioinfo-workshop/nginx.conf -e /tmp/bioinfo-workshop-nginx/error.log;     rm -rf /tmp/bioinfo-workshop-nginx;     cat /tmp/bash.bashrc.append >> /etc/bash.bashrc;     [ -f /home/rstudio/.bashrc ] || cp /etc/skel/.bashrc /home/rstudio/.bashrc;     cat /tmp/home-bashrc.append >> /home/rstudio/.bashrc;     cat /tmp/Rprofile.site.append >> /usr/local/lib/R/etc/Rprofile.site;     rm -f /tmp/bash.bashrc.append /tmp/home-bashrc.append /tmp/Rprofile.site.append;     chmod 0755 /usr/local/share/bioinfo-workshop/*.sh;     chown root:root /usr/local/share/bioinfo-workshop/start-rstudio-password.sh;     chmod 0440 /etc/sudoers.d/bioinfo-workshop;     visudo -cf /etc/sudoers.d/bioinfo-workshop;     mkdir -p /home/rstudio/.config/rstudio /home/rstudio/.local/share/rstudio-server;     jq '. + {"save_workspace": "never", "load_workspace": false, "always_save_history": false, "posix_terminal_shell": "bash"}'         /home/rstudio/.config/rstudio/rstudio-prefs.json > /tmp/prefs.json;     mv /tmp/prefs.json /home/rstudio/.config/rstudio/rstudio-prefs.json;     chown -R rstudio:rstudio /home/rstudio;     date '+%Y-%m-%d %H:%M %Z' > /usr/local/share/bioinfo-workshop/IMAGE_BUILT
#24 sha256:ee58de454ac62cfc141b3957ea2536d23e724f54040cbaac265edb6492010d38 5.83kB / 5.83kB 0.1s done
#24 sha256:e91ce738cfe64cf0ec14e322e3e1ee3b8d446b8b02ad04818df1272543aa8fe8 3.99MB / 3.99MB 0.1s done
#24 sha256:0fc265360d2ca7a08c2f26fcaad3d4b5327a78a3baee72d9eebcc02322fc3181 18.40kB / 18.40kB 0.2s done
#24 sha256:140891d8072114ce82d4e51ba61044dc33457c2761881e03a1dfe31788aba924 1.50kB / 1.50kB 0.2s done
#24 sha256:675e2a21df094b184f4cd7ccdbb954a94e72b29c0ffaa318537b07cec1e6b17e 308B / 308B 0.1s done
#24 sha256:a34c5aeaf574ce92d46a86354fc2bbd075380592b09591a9c246b6874dd8c44e 387B / 387B 0.1s done
#24 sha256:e7f208b2f2c1b0cfbf43054820accdb5319a9ccaf268c66875be52e7f008f018 1.28kB / 1.28kB 0.1s done
#24 sha256:910486043064cb477d74839b2dde50012b3bae883da48470778873a9e69d49a9 884B / 884B 0.1s done
#24 sha256:82014097befd491c3c71bf5cad542f8349342f1f82b766a915909c9ade0af9e4 716B / 716B 0.1s done
#24 sha256:bb9467164965ae483f4c4c282a30d4473916b9eacf2dc971f22ee94ff7e40bdc 28.50MB / 28.50MB 0.4s done
#24 sha256:d7deba43a7dc41d74c4bfaf22d838982f8a993b1b64b465745dc9a1b4735bde5 1.12kB / 1.12kB 0.1s done
#24 sha256:a66fb2518cba7e3b5ccad3c387e95622af22ed12bfbdccd3c433171c38b19b20 1.92kB / 1.92kB 0.1s done
#24 sha256:9161e5f8568098f55324f5352063a84547b67810d0db5a0cb5f7b201fbe6eaa9 669B / 669B 0.1s done
#24 sha256:ca4cb04d88f527bbf229c5bfbbdf3f448bb4596e56d7cda505dcf9ec95e775b3 35.18MB / 35.18MB 0.6s done
#24 sha256:0c6f4f08851ba9036b49db9b3c91f3287345ac6c41b3ff66911e2b9e352bec3d 377.49MB / 429.25MB 5.0s
#24 sha256:4d4da7b1f803da1542bc8b860a4d64fc1b990283e74eb1c6059c699d11d8e34f 2.85MB / 2.85MB 0.1s done
#24 sha256:8e4e23e44b8355224681e1a29c07b9216333f6cf5a25b261d8324be333018080 749B / 749B 0.1s done
#24 sha256:1e11aa8200ea108547687c63753f047532757f6ab60ab936e95750169d1b292a 304.09MB / 955.04MB 4.7s
#24 sha256:e51aee9c82ec5dd5ba2add49c45c6d85d460512757e2615b69bcdf9469c7cb58 29.76MB / 29.76MB 0.1s done
#24 sha256:3fab3360c3498a66aa66ac21af0718c85258e4f29cc152e6b9ff26d7aa16ec3c 3.24kB / 3.24kB 0.1s done
#24 sha256:0962130b8e0b500faaf7cf36d41cde9b95b979a7e0ef2b5ece4a583b73a26a30 343B / 343B 0.1s done
#24 sha256:e9753dea9660230e668dd4a39bd246b8a6f802aed2d73fac93617701e52c78ca 1.85kB / 1.85kB 0.1s done
#24 sha256:80b4ed086f2eede371cec4cc8e36c05e6d9373530cb2cdff0b9cfb8096ca35fa 304.09MB / 722.79MB 4.4s
#24 sha256:09e15cb68460f1c739237e412c44d534933d04db0ff12d98685eb489ced50f8f 2.83kB / 2.83kB 0.1s done
#24 sha256:a968559ca79ee6fb1f2775941b0ee6a45383c637c2e1b68a0508964393a55926 293.60MB / 314.03MB 4.1s
#24 sha256:a968559ca79ee6fb1f2775941b0ee6a45383c637c2e1b68a0508964393a55926 314.03MB / 314.03MB 4.4s
#24 sha256:0c6f4f08851ba9036b49db9b3c91f3287345ac6c41b3ff66911e2b9e352bec3d 399.51MB / 429.25MB 5.3s
#24 sha256:a968559ca79ee6fb1f2775941b0ee6a45383c637c2e1b68a0508964393a55926 314.03MB / 314.03MB 4.6s done
#24 sha256:80b4ed086f2eede371cec4cc8e36c05e6d9373530cb2cdff0b9cfb8096ca35fa 346.03MB / 722.79MB 5.0s
#24 sha256:f2759a6f649cddcccd325b01460766fb525cb53a1e9768d2a3afc0e5d9c1e64f 385B / 385B 0.1s done
#24 sha256:a06e4e2ee9d9ec4a7232ea30c606c4bd33ce8e6f96c79f7938e62343e3fa6090 595B / 595B 0.1s done
#24 sha256:0c6f4f08851ba9036b49db9b3c91f3287345ac6c41b3ff66911e2b9e352bec3d 429.25MB / 429.25MB 5.7s
#24 sha256:6d65efe60cebc6771f36e2a61088eac3b82efbb4c810713e106a2df260de955d 1.19kB / 1.19kB 0.2s
#24 sha256:1e11aa8200ea108547687c63753f047532757f6ab60ab936e95750169d1b292a 356.52MB / 955.04MB 5.6s
#24 sha256:6d65efe60cebc6771f36e2a61088eac3b82efbb4c810713e106a2df260de955d 1.19kB / 1.19kB 0.2s done
#24 sha256:80b4ed086f2eede371cec4cc8e36c05e6d9373530cb2cdff0b9cfb8096ca35fa 387.97MB / 722.79MB 5.4s
#24 sha256:0c6f4f08851ba9036b49db9b3c91f3287345ac6c41b3ff66911e2b9e352bec3d 429.25MB / 429.25MB 6.4s done
#24 sha256:e22ec8080376483f218b10548dd12b543c28dd96f0b080790434506f7bda4bde 1.07kB / 1.07kB 0.2s done
#24 sha256:1e11aa8200ea108547687c63753f047532757f6ab60ab936e95750169d1b292a 413.14MB / 955.04MB 6.3s
#24 sha256:b5a8e34f9071ea9bb54ac4d9e5bb11d0832c92e32f8dff3bc8e9427f48911fe7 567.74kB / 567.74kB 0.1s done
#24 sha256:99b1d9f456bf3ca743834cd54db58f77b976ee0b98aa0413a83f9f7fdcda81a0 521B / 521B 0.1s done
#24 sha256:80b4ed086f2eede371cec4cc8e36c05e6d9373530cb2cdff0b9cfb8096ca35fa 428.87MB / 722.79MB 6.3s
#24 sha256:1e11aa8200ea108547687c63753f047532757f6ab60ab936e95750169d1b292a 461.37MB / 955.04MB 7.1s
#24 sha256:80b4ed086f2eede371cec4cc8e36c05e6d9373530cb2cdff0b9cfb8096ca35fa 471.86MB / 722.79MB 6.8s
#24 sha256:80b4ed086f2eede371cec4cc8e36c05e6d9373530cb2cdff0b9cfb8096ca35fa 515.90MB / 722.79MB 7.4s
#24 sha256:1e11aa8200ea108547687c63753f047532757f6ab60ab936e95750169d1b292a 513.80MB / 955.04MB 8.0s
#24 sha256:80b4ed086f2eede371cec4cc8e36c05e6d9373530cb2cdff0b9cfb8096ca35fa 557.84MB / 722.79MB 8.0s
#24 sha256:1e11aa8200ea108547687c63753f047532757f6ab60ab936e95750169d1b292a 566.23MB / 955.04MB 8.7s
#24 sha256:80b4ed086f2eede371cec4cc8e36c05e6d9373530cb2cdff0b9cfb8096ca35fa 597.69MB / 722.79MB 8.6s
#24 sha256:1e11aa8200ea108547687c63753f047532757f6ab60ab936e95750169d1b292a 618.66MB / 955.04MB 9.5s
#24 sha256:80b4ed086f2eede371cec4cc8e36c05e6d9373530cb2cdff0b9cfb8096ca35fa 639.63MB / 722.79MB 9.2s
#24 sha256:1e11aa8200ea108547687c63753f047532757f6ab60ab936e95750169d1b292a 671.09MB / 955.04MB 10.2s
#24 sha256:80b4ed086f2eede371cec4cc8e36c05e6d9373530cb2cdff0b9cfb8096ca35fa 681.57MB / 722.79MB 9.8s
#24 sha256:80b4ed086f2eede371cec4cc8e36c05e6d9373530cb2cdff0b9cfb8096ca35fa 722.79MB / 722.79MB 10.5s
#24 sha256:1e11aa8200ea108547687c63753f047532757f6ab60ab936e95750169d1b292a 725.61MB / 955.04MB 11.1s
#24 sha256:1e11aa8200ea108547687c63753f047532757f6ab60ab936e95750169d1b292a 775.95MB / 955.04MB 12.0s
#24 sha256:80b4ed086f2eede371cec4cc8e36c05e6d9373530cb2cdff0b9cfb8096ca35fa 722.79MB / 722.79MB 11.7s done
#24 sha256:1e11aa8200ea108547687c63753f047532757f6ab60ab936e95750169d1b292a 826.28MB / 955.04MB 13.1s
#24 sha256:1e11aa8200ea108547687c63753f047532757f6ab60ab936e95750169d1b292a 876.61MB / 955.04MB 13.8s
#24 sha256:1e11aa8200ea108547687c63753f047532757f6ab60ab936e95750169d1b292a 933.23MB / 955.04MB 14.7s
#24 sha256:1e11aa8200ea108547687c63753f047532757f6ab60ab936e95750169d1b292a 955.04MB / 955.04MB 16.8s done
#24 DONE 17.6s

#25 exporting to docker image format
#25 sending tarball
#25 ...

#26 importing to docker
#26 loading layer 6078cde548a5 327.68kB / 29.76MB
#26 loading layer f073e067a303 1.85kB / 1.85kB
#26 loading layer 0db614edecf0 557.06kB / 314.03MB
#26 loading layer 0db614edecf0 96.37MB / 314.03MB 2.0s
#26 loading layer 0db614edecf0 260.70MB / 314.03MB 4.1s
#26 loading layer 23356d06b668 2.83kB / 2.83kB
#26 loading layer edb7f3b63dab 1.50kB / 1.50kB
#26 loading layer 1c0d55c88e93 294.91kB / 28.50MB
#26 loading layer 562a97e7d9c5 1.92kB / 1.92kB
#26 loading layer 1e4b9d2dcb69 749B / 749B
#26 loading layer 9838c9e6ca78 716B / 716B
#26 loading layer 53b4ea0c36fa 521B / 521B
#26 loading layer 11fe8a99e526 3.24kB / 3.24kB
#26 loading layer cff601aac33a 343B / 343B
#26 loading layer 8f8b31dac48d 557.06kB / 722.79MB
#26 loading layer 8f8b31dac48d 99.71MB / 722.79MB 2.0s
#26 loading layer 8f8b31dac48d 227.84MB / 722.79MB 4.1s
#26 loading layer 8f8b31dac48d 392.72MB / 722.79MB 6.1s
#26 loading layer 8f8b31dac48d 552.60MB / 722.79MB 8.2s
#26 loading layer 8f8b31dac48d 651.76MB / 722.79MB 10.2s
#26 loading layer 33b004eb23b5 1.28kB / 1.28kB
#26 loading layer 6af7235ecdee 360.45kB / 35.18MB
#26 loading layer 17c392eb037f 1.07kB / 1.07kB
#26 loading layer 199660ee55b6 32.77kB / 567.74kB
#26 loading layer 8eb1f65fc542 18.40kB / 18.40kB
#26 loading layer 1afdc29abf6e 65.54kB / 3.99MB
#26 loading layer bd0191a8f609 1.12kB / 1.12kB
#26 loading layer 22ebf5643b68 557.06kB / 429.25MB
#26 loading layer 22ebf5643b68 129.79MB / 429.25MB 2.0s
#26 loading layer 22ebf5643b68 178.81MB / 429.25MB 6.0s
#26 loading layer 22ebf5643b68 248.45MB / 429.25MB 8.0s
#26 loading layer 22ebf5643b68 357.07MB / 429.25MB 10.1s
#26 loading layer 22ebf5643b68 428.93MB / 429.25MB 12.1s
#26 loading layer 8106a119ec58 669B / 669B
#26 loading layer 66765434d100 308B / 308B
#26 loading layer b5fd62f59750 557.06kB / 955.04MB
#26 loading layer b5fd62f59750 127.57MB / 955.04MB 2.0s
#26 loading layer b5fd62f59750 293.01MB / 955.04MB 4.1s
#26 loading layer b5fd62f59750 376.57MB / 955.04MB 6.6s
#26 loading layer b5fd62f59750 379.91MB / 955.04MB 12.2s
#26 loading layer b5fd62f59750 529.76MB / 955.04MB 16.3s
#26 loading layer b5fd62f59750 598.28MB / 955.04MB 20.4s
#26 loading layer b5fd62f59750 716.93MB / 955.04MB 25.1s
#26 loading layer b5fd62f59750 733.64MB / 955.04MB 30.6s
#26 loading layer b5fd62f59750 811.07MB / 955.04MB 35.0s
#26 loading layer b5fd62f59750 863.99MB / 955.04MB 43.0s
#26 loading layer b5fd62f59750 925.27MB / 955.04MB 45.8s
#26 loading layer 7a6ef07420b5 385B / 385B
#26 loading layer a5e857d30279 595B / 595B
#26 loading layer 19aab25c55c7 1.19kB / 1.19kB
#26 loading layer 88ebc809487a 5.83kB / 5.83kB
#26 loading layer 8d01535f7825 387B / 387B
#26 loading layer 630979bdda97 884B / 884B
#26 loading layer 1ccec4a7b4e5 32.77kB / 2.85MB
#26 loading layer 33b004eb23b5 1.28kB / 1.28kB 67.7s done
#26 loading layer 6078cde548a5 29.76MB / 29.76MB 95.6s done
#26 loading layer f073e067a303 1.85kB / 1.85kB 94.7s done
#26 loading layer 0db614edecf0 314.03MB / 314.03MB 91.3s done
#26 loading layer 23356d06b668 2.83kB / 2.83kB 83.8s done
#26 loading layer edb7f3b63dab 1.50kB / 1.50kB 83.8s done
#26 loading layer 1c0d55c88e93 28.50MB / 28.50MB 83.8s done
#26 loading layer 562a97e7d9c5 1.92kB / 1.92kB 83.3s done
#26 loading layer 1e4b9d2dcb69 749B / 749B 83.3s done
#26 loading layer 9838c9e6ca78 716B / 716B 83.3s done
#26 loading layer 53b4ea0c36fa 521B / 521B 83.2s done
#26 loading layer 11fe8a99e526 3.24kB / 3.24kB 83.2s done
#26 loading layer cff601aac33a 343B / 343B 83.2s done
#26 loading layer 8f8b31dac48d 722.79MB / 722.79MB 83.2s done
#26 loading layer 6af7235ecdee 35.18MB / 35.18MB 67.7s done
#26 loading layer 17c392eb037f 1.07kB / 1.07kB 66.9s done
#26 loading layer 199660ee55b6 567.74kB / 567.74kB 66.9s done
#26 loading layer 8eb1f65fc542 18.40kB / 18.40kB 66.9s done
#26 loading layer 1afdc29abf6e 3.99MB / 3.99MB 66.9s done
#26 loading layer bd0191a8f609 1.12kB / 1.12kB 66.8s done
#26 loading layer 22ebf5643b68 429.25MB / 429.25MB 66.7s done
#26 loading layer 8106a119ec58 669B / 669B 51.9s done
#26 loading layer 66765434d100 308B / 308B 51.9s done
#26 loading layer b5fd62f59750 955.04MB / 955.04MB 51.9s done
#26 loading layer 7a6ef07420b5 385B / 385B 0.3s done
#26 loading layer a5e857d30279 595B / 595B 0.3s done
#26 loading layer 19aab25c55c7 1.19kB / 1.19kB 0.3s done
#26 loading layer 88ebc809487a 5.83kB / 5.83kB 0.3s done
#26 loading layer 8d01535f7825 387B / 387B 0.3s done
#26 loading layer 630979bdda97 884B / 884B 0.3s done
#26 loading layer 1ccec4a7b4e5 2.85MB / 2.85MB 0.3s done
#26 DONE 95.6s

#25 exporting to docker image format
#25 sending tarball 108.3s done
#25 DONE 125.7s

#27 exporting cache to registry
#27 preparing build cache for export
#27 preparing build cache for export 0.3s done
#27 sending cache export
#27 ...

#28 [auth] onedimkurt/bioinfo-workshop:pull,push token for ghcr.io
#28 DONE 0.0s

#27 exporting cache to registry
#27 writing layer sha256:0fc265360d2ca7a08c2f26fcaad3d4b5327a78a3baee72d9eebcc02322fc3181
#27 writing layer sha256:09e15cb68460f1c739237e412c44d534933d04db0ff12d98685eb489ced50f8f
#27 writing layer sha256:0962130b8e0b500faaf7cf36d41cde9b95b979a7e0ef2b5ece4a583b73a26a30
#27 writing layer sha256:0c6f4f08851ba9036b49db9b3c91f3287345ac6c41b3ff66911e2b9e352bec3d
#27 writing layer sha256:0fc265360d2ca7a08c2f26fcaad3d4b5327a78a3baee72d9eebcc02322fc3181 0.2s done
#27 writing layer sha256:140891d8072114ce82d4e51ba61044dc33457c2761881e03a1dfe31788aba924
#27 writing layer sha256:09e15cb68460f1c739237e412c44d534933d04db0ff12d98685eb489ced50f8f 0.2s done
#27 writing layer sha256:0962130b8e0b500faaf7cf36d41cde9b95b979a7e0ef2b5ece4a583b73a26a30 0.2s done
#27 writing layer sha256:0c6f4f08851ba9036b49db9b3c91f3287345ac6c41b3ff66911e2b9e352bec3d 0.2s done
#27 writing layer sha256:140891d8072114ce82d4e51ba61044dc33457c2761881e03a1dfe31788aba924 0.0s done
#27 writing layer sha256:1e11aa8200ea108547687c63753f047532757f6ab60ab936e95750169d1b292a 0.0s done
#27 writing layer sha256:3fab3360c3498a66aa66ac21af0718c85258e4f29cc152e6b9ff26d7aa16ec3c 0.0s done
#27 writing layer sha256:4d4da7b1f803da1542bc8b860a4d64fc1b990283e74eb1c6059c699d11d8e34f 0.0s done
#27 writing layer sha256:675e2a21df094b184f4cd7ccdbb954a94e72b29c0ffaa318537b07cec1e6b17e 0.0s done
#27 writing layer sha256:6d65efe60cebc6771f36e2a61088eac3b82efbb4c810713e106a2df260de955d 0.1s done
#27 writing layer sha256:80b4ed086f2eede371cec4cc8e36c05e6d9373530cb2cdff0b9cfb8096ca35fa 0.0s done
#27 writing layer sha256:82014097befd491c3c71bf5cad542f8349342f1f82b766a915909c9ade0af9e4 0.0s done
#27 writing layer sha256:8e4e23e44b8355224681e1a29c07b9216333f6cf5a25b261d8324be333018080 0.0s done
#27 writing layer sha256:910486043064cb477d74839b2dde50012b3bae883da48470778873a9e69d49a9
#27 writing layer sha256:9161e5f8568098f55324f5352063a84547b67810d0db5a0cb5f7b201fbe6eaa9
#27 writing layer sha256:99b1d9f456bf3ca743834cd54db58f77b976ee0b98aa0413a83f9f7fdcda81a0
#27 writing layer sha256:a06e4e2ee9d9ec4a7232ea30c606c4bd33ce8e6f96c79f7938e62343e3fa6090
#27 writing layer sha256:910486043064cb477d74839b2dde50012b3bae883da48470778873a9e69d49a9 0.0s done
#27 writing layer sha256:9161e5f8568098f55324f5352063a84547b67810d0db5a0cb5f7b201fbe6eaa9 0.0s done
#27 writing layer sha256:99b1d9f456bf3ca743834cd54db58f77b976ee0b98aa0413a83f9f7fdcda81a0 0.0s done
#27 writing layer sha256:a06e4e2ee9d9ec4a7232ea30c606c4bd33ce8e6f96c79f7938e62343e3fa6090 0.0s done
#27 writing layer sha256:a34c5aeaf574ce92d46a86354fc2bbd075380592b09591a9c246b6874dd8c44e 0.0s done
#27 writing layer sha256:a66fb2518cba7e3b5ccad3c387e95622af22ed12bfbdccd3c433171c38b19b20 0.0s done
#27 writing layer sha256:a968559ca79ee6fb1f2775941b0ee6a45383c637c2e1b68a0508964393a55926 0.0s done
#27 writing layer sha256:b5a8e34f9071ea9bb54ac4d9e5bb11d0832c92e32f8dff3bc8e9427f48911fe7 0.0s done
#27 writing layer sha256:bb9467164965ae483f4c4c282a30d4473916b9eacf2dc971f22ee94ff7e40bdc 0.0s done
#27 writing layer sha256:ca4cb04d88f527bbf229c5bfbbdf3f448bb4596e56d7cda505dcf9ec95e775b3 0.0s done
#27 writing layer sha256:d7deba43a7dc41d74c4bfaf22d838982f8a993b1b64b465745dc9a1b4735bde5 0.0s done
#27 writing layer sha256:e22ec8080376483f218b10548dd12b543c28dd96f0b080790434506f7bda4bde 0.0s done
#27 writing layer sha256:e51aee9c82ec5dd5ba2add49c45c6d85d460512757e2615b69bcdf9469c7cb58
#27 writing layer sha256:e7f208b2f2c1b0cfbf43054820accdb5319a9ccaf268c66875be52e7f008f018
#27 writing layer sha256:e91ce738cfe64cf0ec14e322e3e1ee3b8d446b8b02ad04818df1272543aa8fe8
#27 writing layer sha256:e9753dea9660230e668dd4a39bd246b8a6f802aed2d73fac93617701e52c78ca
#27 sending cache export 0.6s done
#27 writing layer sha256:e51aee9c82ec5dd5ba2add49c45c6d85d460512757e2615b69bcdf9469c7cb58 0.0s done
#27 writing layer sha256:e7f208b2f2c1b0cfbf43054820accdb5319a9ccaf268c66875be52e7f008f018 0.0s done
#27 writing layer sha256:e91ce738cfe64cf0ec14e322e3e1ee3b8d446b8b02ad04818df1272543aa8fe8 0.0s done
#27 writing layer sha256:e9753dea9660230e668dd4a39bd246b8a6f802aed2d73fac93617701e52c78ca 0.0s done
#27 writing layer sha256:ee58de454ac62cfc141b3957ea2536d23e724f54040cbaac265edb6492010d38 0.0s done
#27 writing layer sha256:f2759a6f649cddcccd325b01460766fb525cb53a1e9768d2a3afc0e5d9c1e64f 0.0s done
#27 writing config sha256:4d82bbd99dfec5d3c58764fa4f552413f4d4ed95233e0eafe99209d8d94a4d15 0.0s done
#27 writing cache image manifest sha256:2ee93a3316bf6e4bd864245151c2af08dcdf9495b9953c99e92810159115ab89 0.1s done
#27 DONE 0.9s
build seconds: 129
