#14 285.9 ==== installed versions ====
#14 285.9 R version 4.6.1 (2026-06-24) 
#14 286.0 tidyverse      2.0.0
#14 288.2 OpenTelemetry error: there is no package called ‘otelsdk’
#14 288.5 Seurat         5.5.1
#14 288.5 SeuratObject   5.4.0
#14 288.5 patchwork      1.3.2
#14 288.6 pheatmap       1.0.13
#14 288.6 ggrepel        0.9.8
#14 288.6 cowplot        1.2.0
#14 288.6 data.table     1.18.6.1
#14 288.6 R.utils        2.13.0
#14 289.1 renv           1.2.4
#14 289.1 BiocManager    1.30.27
#14 289.1 rstudioapi     0.19.0
#14 289.1 OpenTelemetry error: there is no package called ‘otelsdk’
#14 289.1 knitr          1.52
#14 289.1 rmarkdown      2.32
#14 289.1 dqrng          0.4.1
#14 289.1 progress       1.2.3
#14 289.1 RcppProgress   0.4.2
#14 293.2 DESeq2         1.52.0
#14 293.2 tximport       1.40.0
#14 294.0 apeglm         1.34.0
#14 294.1 glmGamPoi      1.24.0
#14 294.1 BiocVersion    3.23.1
#14 DONE 295.3s
